 WARNING: Negative value(s) found on probability table for nuclide Zr96 at 250K
 WARNING: Negative value(s) found on probability table for nuclide Zr96 at 294K
 WARNING: Negative value(s) found on probability table for nuclide Zr96 at 600K
 WARNING: Negative value(s) found on probability table for nuclide Zr96 at 900K
 WARNING: Negative value(s) found on probability table for nuclide Zr96 at 1200K
 WARNING: Negative value(s) found on probability table for nuclide Zr96 at 2500K
srun: Job step aborted: Waiting up to 32 seconds for job step to finish.
srun: error: spark-a258: task 0: Aborted (core dumped)

[31m
*** ERROR ***
/scratch/eahammed/amr_test_cases_input_files/multi_physics_amr/multiphysics_models/csg_convergence_study/3x3/40_axial_3_radial/../../../openmc.i:83.1:
The following occurred in the Problem 'MOOSE Problem' of type OpenMCCellAverageProblem.

Requested coordinate level of 1 exceeds number of nested coordinate levels at (0.0125984, 0.0128194,   1.976): 1.

You can either change how the OpenMC model is built by nesting universes into deeper levels, or you can try setting 'lowest_cell_level = 1', which will couple on the lowest level found in the geometry at any given x, y, z point, up to and including level 1.[39m

Abort(1) on node 0 (rank 0 in comm 0): application called MPI_Abort(MPI_COMM_WORLD, 1) - process 0

[31m
*** ERROR ***
/scratch/eahammed/amr_test_cases_input_files/multi_physics_amr/multiphysics_models/csg_convergence_study/3x3/40_axial_3_radial/../../../openmc.i:83.1:
The following occurred in the Problem 'MOOSE Problem' of type OpenMCCellAverageProblem.

Requested coordinate level of 1 exceeds number of nested coordinate levels at (0.0114505, 0.014191,   1.976): 1.

You can either change how the OpenMC model is built by nesting universes into deeper levels, or you can try setting 'lowest_cell_level = 1', which will couple on the lowest level found in the geometry at any given x, y, z point, up to and including level 1.[39m

Abort(1) on node 1 (rank 1 in comm 0): application called MPI_Abort(MPI_COMM_WORLD, 1) - process 1

[31m
*** ERROR ***
/scratch/eahammed/amr_test_cases_input_files/multi_physics_amr/multiphysics_models/csg_convergence_study/3x3/40_axial_3_radial/../../../openmc.i:83.1:
The following occurred in the Problem 'MOOSE Problem' of type OpenMCCellAverageProblem.

Requested coordinate level of 1 exceeds number of nested coordinate levels at (0.0160797, 0.0151076, 2.07239): 1.

You can either change how the OpenMC model is built by nesting universes into deeper levels, or you can try setting 'lowest_cell_level = 1', which will couple on the lowest level found in the geometry at any given x, y, z point, up to and including level 1.[39m

Abort(1) on node 2 (rank 2 in comm 0): application called MPI_Abort(MPI_COMM_WORLD, 1) - process 2

[31m
*** ERROR ***
/scratch/eahammed/amr_test_cases_input_files/multi_physics_amr/multiphysics_models/csg_convergence_study/3x3/40_axial_3_radial/../../../openmc.i:83.1:
The following occurred in the Problem 'MOOSE Problem' of type OpenMCCellAverageProblem.

Requested coordinate level of 1 exceeds number of nested coordinate levels at (0.00994399, 0.0106852, 2.07239): 1.

You can either change how the OpenMC model is built by nesting universes into deeper levels, or you can try setting 'lowest_cell_level = 1', which will couple on the lowest level found in the geometry at any given x, y, z point, up to and including level 1.[39m

Abort(1) on node 3 (rank 3 in comm 0): application called MPI_Abort(MPI_COMM_WORLD, 1) - process 3

[31m
*** ERROR ***
/scratch/eahammed/amr_test_cases_input_files/multi_physics_amr/multiphysics_models/csg_convergence_study/3x3/40_axial_3_radial/../../../openmc.i:83.1:
The following occurred in the Problem 'MOOSE Problem' of type OpenMCCellAverageProblem.

Requested coordinate level of 1 exceeds number of nested coordinate levels at (0.00994399, 0.0106852,   1.976): 1.

You can either change how the OpenMC model is built by nesting universes into deeper levels, or you can try setting 'lowest_cell_level = 1', which will couple on the lowest level found in the geometry at any given x, y, z point, up to and including level 1.[39m

Abort(1) on node 15 (rank 15 in comm 0): application called MPI_Abort(MPI_COMM_WORLD, 1) - process 15

[31m
*** ERROR ***
/scratch/eahammed/amr_test_cases_input_files/multi_physics_amr/multiphysics_models/csg_convergence_study/3x3/40_axial_3_radial/../../../openmc.i:83.1:
The following occurred in the Problem 'MOOSE Problem' of type OpenMCCellAverageProblem.

Requested coordinate level of 1 exceeds number of nested coordinate levels at (-0.00191319, 0.0152528, 2.07239): 1.

You can either change how the OpenMC model is built by nesting universes into deeper levels, or you can try setting 'lowest_cell_level = 1', which will couple on the lowest level found in the geometry at any given x, y, z point, up to and including level 1.[39m

Abort(1) on node 19 (rank 19 in comm 0): application called MPI_Abort(MPI_COMM_WORLD, 1) - process 19

[31m
*** ERROR ***
/scratch/eahammed/amr_test_cases_input_files/multi_physics_amr/multiphysics_models/csg_convergence_study/3x3/40_axial_3_radial/../../../openmc.i:83.1:
The following occurred in the Problem 'MOOSE Problem' of type OpenMCCellAverageProblem.

Requested coordinate level of 1 exceeds number of nested coordinate levels at (0.00114791, 0.014191,   1.976): 1.

You can either change how the OpenMC model is built by nesting universes into deeper levels, or you can try setting 'lowest_cell_level = 1', which will couple on the lowest level found in the geometry at any given x, y, z point, up to and including level 1.[39m

Abort(1) on node 20 (rank 20 in comm 0): application called MPI_Abort(MPI_COMM_WORLD, 1) - process 20

[31m
*** ERROR ***
/scratch/eahammed/amr_test_cases_input_files/multi_physics_amr/multiphysics_models/csg_convergence_study/3x3/40_axial_3_radial/../../../openmc.i:83.1:
The following occurred in the Problem 'MOOSE Problem' of type OpenMCCellAverageProblem.

Requested coordinate level of 1 exceeds number of nested coordinate levels at (      0, 0.0128194,   1.976): 1.

You can either change how the OpenMC model is built by nesting universes into deeper levels, or you can try setting 'lowest_cell_level = 1', which will couple on the lowest level found in the geometry at any given x, y, z point, up to and including level 1.[39m

Abort(1) on node 21 (rank 21 in comm 0): application called MPI_Abort(MPI_COMM_WORLD, 1) - process 21

[31m
*** ERROR ***
/scratch/eahammed/amr_test_cases_input_files/multi_physics_amr/multiphysics_models/csg_convergence_study/3x3/40_axial_3_radial/../../../openmc.i:83.1:
The following occurred in the Problem 'MOOSE Problem' of type OpenMCCellAverageProblem.

Requested coordinate level of 1 exceeds number of nested coordinate levels at (0.00411796, 0.0116263,   1.976): 1.

You can either change how the OpenMC model is built by nesting universes into deeper levels, or you can try setting 'lowest_cell_level = 1', which will couple on the lowest level found in the geometry at any given x, y, z point, up to and including level 1.[39m

Abort(1) on node 22 (rank 22 in comm 0): application called MPI_Abort(MPI_COMM_WORLD, 1) - process 22

[31m
*** ERROR ***
/scratch/eahammed/amr_test_cases_input_files/multi_physics_amr/multiphysics_models/csg_convergence_study/3x3/40_axial_3_radial/../../../openmc.i:83.1:
The following occurred in the Problem 'MOOSE Problem' of type OpenMCCellAverageProblem.

Requested coordinate level of 1 exceeds number of nested coordinate levels at (-0.00265441, 0.0106852,   1.976): 1.

You can either change how the OpenMC model is built by nesting universes into deeper levels, or you can try setting 'lowest_cell_level = 1', which will couple on the lowest level found in the geometry at any given x, y, z point, up to and including level 1.[39m

Abort(1) on node 23 (rank 23 in comm 0): application called MPI_Abort(MPI_COMM_WORLD, 1) - process 23

[31m
*** ERROR ***
/scratch/eahammed/amr_test_cases_input_files/multi_physics_amr/multiphysics_models/csg_convergence_study/3x3/40_axial_3_radial/../../../openmc.i:83.1:
The following occurred in the Problem 'MOOSE Problem' of type OpenMCCellAverageProblem.

Requested coordinate level of 1 exceeds number of nested coordinate levels at (-0.0130404, -0.000220989,   1.976): 1.

You can either change how the OpenMC model is built by nesting universes into deeper levels, or you can try setting 'lowest_cell_level = 1', which will couple on the lowest level found in the geometry at any given x, y, z point, up to and including level 1.[39m

Abort(1) on node 53 (rank 53 in comm 0): application called MPI_Abort(MPI_COMM_WORLD, 1) - process 53

[31m
*** ERROR ***
/scratch/eahammed/amr_test_cases_input_files/multi_physics_amr/multiphysics_models/csg_convergence_study/3x3/40_axial_3_radial/../../../openmc.i:83.1:
The following occurred in the Problem 'MOOSE Problem' of type OpenMCCellAverageProblem.

Requested coordinate level of 1 exceeds number of nested coordinate levels at (-0.0125984, 0.000220989,   1.976): 1.

You can either change how the OpenMC model is built by nesting universes into deeper levels, or you can try setting 'lowest_cell_level = 1', which will couple on the lowest level found in the geometry at any given x, y, z point, up to and including level 1.[39m

Abort(1) on node 54 (rank 54 in comm 0): application called MPI_Abort(MPI_COMM_WORLD, 1) - process 54

[31m
*** ERROR ***
/scratch/eahammed/amr_test_cases_input_files/multi_physics_amr/multiphysics_models/csg_convergence_study/3x3/40_axial_3_radial/../../../openmc.i:83.1:
The following occurred in the Problem 'MOOSE Problem' of type OpenMCCellAverageProblem.

Requested coordinate level of 1 exceeds number of nested coordinate levels at (-0.0100892, -0.00348129,   1.976): 1.

You can either change how the OpenMC model is built by nesting universes into deeper levels, or you can try setting 'lowest_cell_level = 1', which will couple on the lowest level found in the geometry at any given x, y, z point, up to and including level 1.[39m

Abort(1) on node 55 (rank 55 in comm 0): application called MPI_Abort(MPI_COMM_WORLD, 1) - process 55

[31m
*** ERROR ***
/scratch/eahammed/amr_test_cases_input_files/multi_physics_amr/multiphysics_models/csg_convergence_study/3x3/40_axial_3_radial/../../../openmc.i:83.1:
The following occurred in the Problem 'MOOSE Problem' of type OpenMCCellAverageProblem.

Requested coordinate level of 1 exceeds number of nested coordinate levels at (-0.0125984, 0.0128194,   1.976): 1.

You can either change how the OpenMC model is built by nesting universes into deeper levels, or you can try setting 'lowest_cell_level = 1', which will couple on the lowest level found in the geometry at any given x, y, z point, up to and including level 1.[39m

Abort(1) on node 57 (rank 57 in comm 0): application called MPI_Abort(MPI_COMM_WORLD, 1) - process 57

[31m
*** ERROR ***
/scratch/eahammed/amr_test_cases_input_files/multi_physics_amr/multiphysics_models/csg_convergence_study/3x3/40_axial_3_radial/../../../openmc.i:83.1:
The following occurred in the Problem 'MOOSE Problem' of type OpenMCCellAverageProblem.

Requested coordinate level of 1 exceeds number of nested coordinate levels at (-0.0128194, 0.0130404,   1.976): 1.

You can either change how the OpenMC model is built by nesting universes into deeper levels, or you can try setting 'lowest_cell_level = 1', which will couple on the lowest level found in the geometry at any given x, y, z point, up to and including level 1.[39m

Abort(1) on node 59 (rank 59 in comm 0): application called MPI_Abort(MPI_COMM_WORLD, 1) - process 59

[31m
*** ERROR ***
/scratch/eahammed/amr_test_cases_input_files/multi_physics_amr/multiphysics_models/csg_convergence_study/3x3/40_axial_3_radial/../../../openmc.i:83.1:
The following occurred in the Problem 'MOOSE Problem' of type OpenMCCellAverageProblem.

Requested coordinate level of 1 exceeds number of nested coordinate levels at (0.0106852, -0.00994399,   1.976): 1.

You can either change how the OpenMC model is built by nesting universes into deeper levels, or you can try setting 'lowest_cell_level = 1', which will couple on the lowest level found in the geometry at any given x, y, z point, up to and including level 1.[39m

Abort(1) on node 65 (rank 65 in comm 0): application called MPI_Abort(MPI_COMM_WORLD, 1) - process 65

[31m
*** ERROR ***
/scratch/eahammed/amr_test_cases_input_files/multi_physics_amr/multiphysics_models/csg_convergence_study/3x3/40_axial_3_radial/../../../openmc.i:83.1:
The following occurred in the Problem 'MOOSE Problem' of type OpenMCCellAverageProblem.

Requested coordinate level of 1 exceeds number of nested coordinate levels at (0.00994399, -0.0145116,   1.976): 1.

You can either change how the OpenMC model is built by nesting universes into deeper levels, or you can try setting 'lowest_cell_level = 1', which will couple on the lowest level found in the geometry at any given x, y, z point, up to and including level 1.[39m

Abort(1) on node 66 (rank 66 in comm 0): application called MPI_Abort(MPI_COMM_WORLD, 1) - process 66

[31m
*** ERROR ***
/scratch/eahammed/amr_test_cases_input_files/multi_physics_amr/multiphysics_models/csg_convergence_study/3x3/40_axial_3_radial/../../../openmc.i:83.1:
The following occurred in the Problem 'MOOSE Problem' of type OpenMCCellAverageProblem.

Requested coordinate level of 1 exceeds number of nested coordinate levels at (0.0125984, -0.0123774,   1.976): 1.

You can either change how the OpenMC model is built by nesting universes into deeper levels, or you can try setting 'lowest_cell_level = 1', which will couple on the lowest level found in the geometry at any given x, y, z point, up to and including level 1.[39m

Abort(1) on node 67 (rank 67 in comm 0): application called MPI_Abort(MPI_COMM_WORLD, 1) - process 67

[31m
*** ERROR ***
/scratch/eahammed/amr_test_cases_input_files/multi_physics_amr/multiphysics_models/csg_convergence_study/3x3/40_axial_3_radial/../../../openmc.i:83.1:
The following occurred in the Problem 'MOOSE Problem' of type OpenMCCellAverageProblem.

Requested coordinate level of 1 exceeds number of nested coordinate levels at (0.0123774, -0.0121564, 2.07239): 1.

You can either change how the OpenMC model is built by nesting universes into deeper levels, or you can try setting 'lowest_cell_level = 1', which will couple on the lowest level found in the geometry at any given x, y, z point, up to and including level 1.[39m

Abort(1) on node 79 (rank 79 in comm 0): application called MPI_Abort(MPI_COMM_WORLD, 1) - process 79

[31m
*** ERROR ***
/scratch/eahammed/amr_test_cases_input_files/multi_physics_amr/multiphysics_models/csg_convergence_study/3x3/40_axial_3_radial/../../../openmc.i:83.1:
The following occurred in the Problem 'MOOSE Problem' of type OpenMCCellAverageProblem.

Requested coordinate level of 1 exceeds number of nested coordinate levels at (      0, 0.000220989,   1.976): 1.

You can either change how the OpenMC model is built by nesting universes into deeper levels, or you can try setting 'lowest_cell_level = 1', which will couple on the lowest level found in the geometry at any given x, y, z point, up to and including level 1.[39m

Abort(1) on node 80 (rank 80 in comm 0): application called MPI_Abort(MPI_COMM_WORLD, 1) - process 80

[31m
*** ERROR ***
/scratch/eahammed/amr_test_cases_input_files/multi_physics_amr/multiphysics_models/csg_convergence_study/3x3/40_axial_3_radial/../../../openmc.i:83.1:
The following occurred in the Problem 'MOOSE Problem' of type OpenMCCellAverageProblem.

Requested coordinate level of 1 exceeds number of nested coordinate levels at (0.000220989, -0.000441977,   1.976): 1.

You can either change how the OpenMC model is built by nesting universes into deeper levels, or you can try setting 'lowest_cell_level = 1', which will couple on the lowest level found in the geometry at any given x, y, z point, up to and including level 1.[39m

Abort(1) on node 81 (rank 81 in comm 0): application called MPI_Abort(MPI_COMM_WORLD, 1) - process 81

[31m
*** ERROR ***
/scratch/eahammed/amr_test_cases_input_files/multi_physics_amr/multiphysics_models/csg_convergence_study/3x3/40_axial_3_radial/../../../openmc.i:83.1:
The following occurred in the Problem 'MOOSE Problem' of type OpenMCCellAverageProblem.

Requested coordinate level of 1 exceeds number of nested coordinate levels at (0.0106852, 0.00265441, 2.07239): 1.

You can either change how the OpenMC model is built by nesting universes into deeper levels, or you can try setting 'lowest_cell_level = 1', which will couple on the lowest level found in the geometry at any given x, y, z point, up to and including level 1.[39m

Abort(1) on node 88 (rank 88 in comm 0): application called MPI_Abort(MPI_COMM_WORLD, 1) - process 88

[31m
*** ERROR ***
/scratch/eahammed/amr_test_cases_input_files/multi_physics_amr/multiphysics_models/csg_convergence_study/3x3/40_axial_3_radial/../../../openmc.i:83.1:
The following occurred in the Problem 'MOOSE Problem' of type OpenMCCellAverageProblem.

Requested coordinate level of 1 exceeds number of nested coordinate levels at (0.0123774, 0.000441977,   1.976): 1.

You can either change how the OpenMC model is built by nesting universes into deeper levels, or you can try setting 'lowest_cell_level = 1', which will couple on the lowest level found in the geometry at any given x, y, z point, up to and including level 1.[39m

Abort(1) on node 92 (rank 92 in comm 0): application called MPI_Abort(MPI_COMM_WORLD, 1) - process 92

[31m
*** ERROR ***
/scratch/eahammed/amr_test_cases_input_files/multi_physics_amr/multiphysics_models/csg_convergence_study/3x3/40_axial_3_radial/../../../openmc.i:83.1:
The following occurred in the Problem 'MOOSE Problem' of type OpenMCCellAverageProblem.

Requested coordinate level of 1 exceeds number of nested coordinate levels at (0.0125984, 0.000220989,   1.976): 1.

You can either change how the OpenMC model is built by nesting universes into deeper levels, or you can try setting 'lowest_cell_level = 1', which will couple on the lowest level found in the geometry at any given x, y, z point, up to and including level 1.[39m

Abort(1) on node 94 (rank 94 in comm 0): application called MPI_Abort(MPI_COMM_WORLD, 1) - process 94

[31m
*** ERROR ***
/scratch/eahammed/amr_test_cases_input_files/multi_physics_amr/multiphysics_models/csg_convergence_study/3x3/40_axial_3_radial/../../../openmc.i:83.1:
The following occurred in the Problem 'MOOSE Problem' of type OpenMCCellAverageProblem.

Requested coordinate level of 1 exceeds number of nested coordinate levels at (0.00250918, 0.00348129,   1.976): 1.

You can either change how the OpenMC model is built by nesting universes into deeper levels, or you can try setting 'lowest_cell_level = 1', which will couple on the lowest level found in the geometry at any given x, y, z point, up to and including level 1.[39m

Abort(1) on node 95 (rank 95 in comm 0): application called MPI_Abort(MPI_COMM_WORLD, 1) - process 95

[31m
*** ERROR ***
/scratch/eahammed/amr_test_cases_input_files/multi_physics_amr/multiphysics_models/csg_convergence_study/3x3/40_axial_3_radial/../../../openmc.i:83.1:
The following occurred in the Problem 'MOOSE Problem' of type OpenMCCellAverageProblem.

Requested coordinate level of 1 exceeds number of nested coordinate levels at (-0.01205, -0.0134055,   1.976): 1.

You can either change how the OpenMC model is built by nesting universes into deeper levels, or you can try setting 'lowest_cell_level = 1', which will couple on the lowest level found in the geometry at any given x, y, z point, up to and including level 1.[39m

Abort(1) on node 104 (rank 104 in comm 0): application called MPI_Abort(MPI_COMM_WORLD, 1) - process 104

[31m
*** ERROR ***
/scratch/eahammed/amr_test_cases_input_files/multi_physics_amr/multiphysics_models/csg_convergence_study/3x3/40_axial_3_radial/../../../openmc.i:83.1:
The following occurred in the Problem 'MOOSE Problem' of type OpenMCCellAverageProblem.

Requested coordinate level of 1 exceeds number of nested coordinate levels at (-0.000220989, -0.0125984, 2.07239): 1.

You can either change how the OpenMC model is built by nesting universes into deeper levels, or you can try setting 'lowest_cell_level = 1', which will couple on the lowest level found in the geometry at any given x, y, z point, up to and including level 1.[39m

Abort(1) on node 116 (rank 116 in comm 0): application called MPI_Abort(MPI_COMM_WORLD, 1) - process 116

[31m
*** ERROR ***
/scratch/eahammed/amr_test_cases_input_files/multi_physics_amr/multiphysics_models/csg_convergence_study/3x3/40_axial_3_radial/../../../openmc.i:83.1:
The following occurred in the Problem 'MOOSE Problem' of type OpenMCCellAverageProblem.

Requested coordinate level of 1 exceeds number of nested coordinate levels at (      0, -0.0123774,   1.976): 1.

You can either change how the OpenMC model is built by nesting universes into deeper levels, or you can try setting 'lowest_cell_level = 1', which will couple on the lowest level found in the geometry at any given x, y, z point, up to and including level 1.[39m

Abort(1) on node 117 (rank 117 in comm 0): application called MPI_Abort(MPI_COMM_WORLD, 1) - process 117

[31m
*** ERROR ***
/scratch/eahammed/amr_test_cases_input_files/multi_physics_amr/multiphysics_models/csg_convergence_study/3x3/40_axial_3_radial/../../../openmc.i:83.1:
The following occurred in the Problem 'MOOSE Problem' of type OpenMCCellAverageProblem.

Requested coordinate level of 1 exceeds number of nested coordinate levels at (-0.000441977, -0.0128194,   1.976): 1.

You can either change how the OpenMC model is built by nesting universes into deeper levels, or you can try setting 'lowest_cell_level = 1', which will couple on the lowest level found in the geometry at any given x, y, z point, up to and including level 1.[39m

Abort(1) on node 118 (rank 118 in comm 0): application called MPI_Abort(MPI_COMM_WORLD, 1) - process 118

[31m
*** ERROR ***
/scratch/eahammed/amr_test_cases_input_files/multi_physics_amr/multiphysics_models/csg_convergence_study/3x3/40_axial_3_radial/../../../openmc.i:83.1:
The following occurred in the Problem 'MOOSE Problem' of type OpenMCCellAverageProblem.

Requested coordinate level of 1 exceeds number of nested coordinate levels at (      0, -0.0128194,   1.976): 1.

You can either change how the OpenMC model is built by nesting universes into deeper levels, or you can try setting 'lowest_cell_level = 1', which will couple on the lowest level found in the geometry at any given x, y, z point, up to and including level 1.[39m

Abort(1) on node 119 (rank 119 in comm 0): application called MPI_Abort(MPI_COMM_WORLD, 1) - process 119

[31m
*** ERROR ***
/scratch/eahammed/amr_test_cases_input_files/multi_physics_amr/multiphysics_models/csg_convergence_study/3x3/40_axial_3_radial/../../../openmc.i:83.1:
The following occurred in the Problem 'MOOSE Problem' of type OpenMCCellAverageProblem.

Requested coordinate level of 1 exceeds number of nested coordinate levels at (-0.0131468, -0.0117913,   1.976): 1.

You can either change how the OpenMC model is built by nesting universes into deeper levels, or you can try setting 'lowest_cell_level = 1', which will couple on the lowest level found in the geometry at any given x, y, z point, up to and including level 1.[39m

Abort(1) on node 122 (rank 122 in comm 0): application called MPI_Abort(MPI_COMM_WORLD, 1) - process 122

[31m
*** ERROR ***
/scratch/eahammed/amr_test_cases_input_files/multi_physics_amr/multiphysics_models/csg_convergence_study/3x3/40_axial_3_radial/../../../openmc.i:83.1:
The following occurred in the Problem 'MOOSE Problem' of type OpenMCCellAverageProblem.

Requested coordinate level of 1 exceeds number of nested coordinate levels at (-0.0125984, -0.0123774,   1.976): 1.

You can either change how the OpenMC model is built by nesting universes into deeper levels, or you can try setting 'lowest_cell_level = 1', which will couple on the lowest level found in the geometry at any given x, y, z point, up to and including level 1.[39m

Abort(1) on node 123 (rank 123 in comm 0): application called MPI_Abort(MPI_COMM_WORLD, 1) - process 123
terminate called without an active exception
slurmstepd: error: *** STEP 1226255.0 ON spark-a258 CANCELLED AT 2026-09-08T20:55:20 ***
terminate called without an active exception
terminate called without an active exception
terminate called without an active exception
terminate called without an active exception
terminate called without an active exception
terminate called without an active exception
terminate called without an active exception
terminate called without an active exception
terminate called without an active exception
terminate called without an active exception
srun: error: spark-a258: tasks 1,15,19-23,53-55,59,65-67,79,81,88,92,94-95,104,116,118,122-123: Aborted (core dumped)
terminate called without an active exception
srun: error: spark-a258: tasks 2-3,57,80,117,119: Aborted
terminate called without an active exception
srun: error: spark-a258: tasks 4-14,16-18,24-52,56,58,60-64,68-78,82-87,89-91,93,96-103,105-115,120-121,124-127: Killed
terminate called without an active exception
terminate called without an active exception
